<html>
<body>
<pre>
<h1>礦ision Build Log</h1>
<h2>Tool Versions:</h2>
IDE-Version: μVision V5.14.0.0
Copyright (C) 2015 ARM Ltd and ARM Germany GmbH. All rights reserved.
License Information: zane zane, zane, LIC=JDA0P-MAM9G-D3HM3-AE7T5-XBRKZ-THEW5
 
Tool Versions:
Toolchain:       MDK-ARM Professional  Version: 5.14.0.0
Toolchain Path:  D:\Temp\Keli\ARM\ARMCC\Bin
C Compiler:      Armcc.exe V5.05 update 1 (build 106)
Assembler:       Armasm.exe V5.05 update 1 (build 106)
Linker/Locator:  ArmLink.exe V5.05 update 1 (build 106)
Library Manager: ArmAr.exe V5.05 update 1 (build 106)
Hex Converter:   FromElf.exe V5.05 update 1 (build 106)
CPU DLL:         SARMCM3.DLL V5.14.0.0
Dialog DLL:      DCM.DLL V1.13.1.0
Target DLL:      UL2CM3.DLL V1.155.0.0
Dialog DLL:      TCM.DLL V1.14.4.0
 
<h2>Project:</h2>
D:\code\STM32\5. 工程模板\STM32F4_CODE_模板\USER\Template\Template.uvprojx
Project File Date:  10/21/2025

<h2>Output:</h2>
Build target 'Template'
compiling main.c...
src\main.c(317): warning:  #1-D: last line of file ends without a newline
  }
src\main.c: 1 warning, 0 errors
linking...
Program Size: Code=1628 RO-data=424 RW-data=24 ZI-data=1024  
FromELF: creating hex file...
".\Objects\Template.axf" - 0 Error(s), 1 Warning(s).

<h2>Collection of Component include folders:</h2>
  D:\code\STM32\5. 工程模板\STM32F4_CODE_模板\USER\Template\RTE
  D:\Temp\Keli\ARM\PACK\Keil\STM32F4xx_DFP\2.11.0

<h2>Collection of Component Files used:</h2>
</pre>
</body>
</html>
